I'm sorry, but errors were detected in your script. Please correct the
errors listed below, and try again.


File "game/script.rpy", line 30: style property text_xalign is not known.
    text_xalign 0
               ^

Ren'Py Version: Ren'Py 7.4.11.2266
Sun Jul 10 22:15:22 2022
